PASS VERSION is v1.3.102
PASS base is v1.3.101 complete
PASS completeBuild is true
PASS calculation formula is unchanged from v1.3.98
PASS VERSION declares seven-step workflow
PASS automatic two-column threshold is 2200 CSS px
PASS build manifest is v1.3.102 and contains v13102 extension
PASS progress tracker has exactly steps 1 through 7
PASS step 6 wall / step 7 calculation statuses exist
PASS wall resistance is formal Step 6
PASS calculation result is formal Step 7
PASS no legacy 5B numbering remains in active page/status/guard
PASS workflow order is Step 5 -> Step 6 wall -> Step 7 result
PASS v13100 complete visual CSS is retained
PASS v13101 screen/print polish CSS is loaded after v13100
PASS v13101 CSS is later in cascade than v13100
PASS v13100 UI consistency JS is loaded
PASS v13101 print-state bridge is loaded
PASS v1.3.98 audited calculation core is retained
PASS obsolete v1394 calculation core is not active
PASS v1.3.91 application-number linkage remains active
PASS v1.3.91 Excel route/application import remains active
PASS application-number prefill/mismatch guard retained
PASS Excel import emits application-number prefill
PASS remark UN-weight autofill retained
PASS three real pair wrappers are present
PASS layout toggle is at page top before Step 1
PASS explicit one/two-column buttons exist
PASS two-column mode is a real 2-column grid
PASS canonical guard builds 1+2, 3+4, 5+6 wrappers and preserves Step 7
PASS normal one-column / effective-width auto two-column policy is active
PASS layout hint uses seven-step numbering
PASS Step 5 primary/support panels have common rules
PASS selected wall cards have explicit whole-card selected style
PASS result metric cards have final common border rules
PASS legacy step-header decorative pseudo-elements are neutralized
PASS UI consistency runtime normalizes headers and removes legacy inline residue
PASS status runtime has Step 7 and calculated state
PASS calculated event synchronizes Step 7 state
PASS final visual system contains no legacy left-only 3px+ accent
PASS selected wall card uses equal 2px border on all four sides
PASS final visual system contains no left-only inset shadow
PASS overall result border is normalized on all four sides
PASS legacy helper stripes are covered by four-side helper-box rules
PASS main workflow cards explicitly declare four equal sides
PASS header/body boundary has explicit zero-gap rule
PASS four direction-specific wall confirmation checkboxes exist
PASS four direction-specific wall gap fields exist
PASS 15 cm candidate threshold remains explicit
PASS AI/photo helper never auto-enables wall resistance
PASS wall resistance remains direction-eligible after inspector confirmation
PASS calculation snapshot stores wall confirmation/gap
PASS CTU reusable rules load
PASS Sea A directional coefficients retained
PASS Sea B directional coefficients retained
PASS Sea C directional coefficients retained
PASS directional force m*g*c verified
PASS direct-lashing friction remains 75% of static mu
PASS front/rear boundary 0.4P example retained
PASS side wall 0.6P example retained
PASS weakest MSL remains 10 kN CTU-side
PASS wall and blocking are not double-counted
PASS stiff restraint/direct lashing are not simply added
PASS final resistance remains friction + topover + one mechanical path
PASS tied-direction summary uses latest result safely
PASS result usability labels retained
PASS screen polish targets the Step 5 + Step 6 desktop pair only
PASS two-column Step 5 + Step 6 gap is explicitly polished to 20px
PASS print stylesheet declares A4 portrait
PASS print stylesheet suppresses app chrome and no-print controls
PASS closed details are omitted from print
PASS print page grouping includes Step 3, Step 5 and Step 6 boundaries
PASS print result summary uses three readable columns
PASS directional load audit begins a clean print page
PASS unused support input/load-path assistance is omitted from print
PASS sufficient result omits unnecessary deficiency support from print
PASS print state synchronizes immediately before browser printing
PASS print state follows the two securing-use checkboxes
PASS print state detects a sufficient calculation without touching calculation logic
PASS VERSION declares the A4 single-flow print report
PASS VERSION declares three-column print result summary
PASS v13102 expanded print CSS is loaded
PASS v13102 print CSS is last in print cascade
PASS v13102 expanded print state JS is loaded
PASS expanded application result receives dedicated paper layout
PASS imported application summary compacts to four print columns
PASS photo filename queue cannot expand printed pages
PASS import summary items do not split across paper pages
PASS expanded print runtime detects application/photo state
PASS expanded print state stays synchronized through uploads and before printing
PASS expanded print verifier hook is exposed
PASS VERSION declares four-column imported application print summary
PASS VERSION declares photo queue hidden on paper
PASS VERSION records expanded upload screen/print verification
TOTAL 94 / PASS 94 / FAIL 0
